// Jest Snapshot v1, https://goo.gl/fbAQLP

exports[`render badge 1`] = `
<i
  className="icon-hourglass"
>
  <i
    className="path1"
    key="path1"
  />
  <i
    className="path2"
    key="path2"
  />
  <i
    className="path3"
    key="path3"
  />
  <i
    className="path4"
    key="path4"
  />
  <i
    className="path5"
    key="path5"
  />
  <i
    className="path6"
    key="path6"
  />
  <i
    className="path7"
    key="path7"
  />
  <i
    className="path8"
    key="path8"
  />
  <i
    className="path9"
    key="path9"
  />
  <i
    className="path10"
    key="path10"
  />
  <i
    className="path11"
    key="path11"
  />
  <i
    className="path12"
    key="path12"
  />
  <i
    className="path13"
    key="path13"
  />
  <i
    className="path14"
    key="path14"
  />
  <i
    className="path15"
    key="path15"
  />
  <i
    className="path16"
    key="path16"
  />
  <i
    className="path17"
    key="path17"
  />
  <i
    className="path18"
    key="path18"
  />
  <i
    className="path19"
    key="path19"
  />
  <i
    className="path20"
    key="path20"
  />
  <i
    className="path21"
    key="path21"
  />
</i>
`;
