// Jest Snapshot v1, https://goo.gl/fbAQLP

exports[`renders the component 1`] = `
<BrowserRouter>
  <main>
    <withRouter(Layout)>
      <Switch>
        <Route
          component={
            Object {
              "$$typeof": Symbol(react.memo),
              "WrappedComponent": [Function],
              "compare": null,
              "displayName": "Connect(Component)",
              "type": [Function],
            }
          }
          path="/allevents"
        />
        <Route
          component={
            Object {
              "$$typeof": Symbol(react.memo),
              "WrappedComponent": [Function],
              "compare": null,
              "displayName": "Connect(MyEvents)",
              "type": [Function],
            }
          }
          path="/myevents"
        />
        <Route
          component={[Function]}
          path="/about"
        />
      </Switch>
    </withRouter(Layout)>
  </main>
</BrowserRouter>
`;
